<area shape="rect" href="$class_o_g_r_e_graphics_object_window.html" title="This is the base class for a GUI type window. It consists of a colored background..." alt="" coords="107,355,301,381">
<area shape="rect" href="$class_o_g_r_e_graphics_object.html" title="Implementation of the IGraphicsObject interface. See Interfaces\\Graphics.h and Interfaces\\System..." alt="" coords="5,264,155,291">
<area shape="rect" href="$class_i_system_object.html" title="ISystemObject is an interface class designed to be an extension of the UObject. Systems..." alt="" coords="27,187,133,213">
<area shape="rect" href="$class_i_observer.html" title="The IObserver interface supplies loosely coupling systems with dependency. It facilitates..." alt="" coords="21,5,96,32">
<area shape="rect" href="$class_i_system_scene.html" title="ISystemScene is an interface class for managing a scene or scenes in a system." alt="" coords="96,96,203,123">
<area shape="rect" href="$class_i_system.html" title="ISystem is an interface class designed to be a method for adding functionality to..." alt="" coords="120,5,189,32">
<area shape="rect" href="$class_properties_1_1_property.html" title="Class for providing a method to transfer paramters between a system and the framework..." alt="" coords="179,264,315,291">
<area shape="rect" href="$struct_window_data.html" title="Structure containing all data that might update an Ogre GUI window. Flags dictate..." alt="" coords="325,355,419,381">
