<area shape="rect" href="$class_havok_physics_scene.html" title="HavokPhysicsScene Implementation of the ISystemScene interface. The HavokPhysics..." alt="" coords="551,212,689,239">
<area shape="rect" href="$class_havok_physics_task.html" title="HavokPhysicsTask Implementation of the ISystemTask interface for HavokPhysics." alt="" coords="847,188,977,215">
<area shape="rect" href="$class_i_system_scene.html" title="ISystemScene is an interface class for managing a scene or scenes in a system." alt="" coords="219,31,325,57">
<area shape="rect" href="$class_i_system_task.html" title="ISystemTask is an interface class designed to work with a task manager for starting..." alt="" coords="572,101,668,128">
<area shape="rect" href="$class_i_observer.html" title="The IObserver interface supplies loosely coupling systems with dependency. It facilitates..." alt="" coords="7,5,81,32">
<area shape="rect" href="$class_i_system.html" title="ISystem is an interface class designed to be a method for adding functionality to..." alt="" coords="9,56,79,83">
<area shape="rect" href="$class_i_generic_scene.html" title="IGenericScene is an interface for providing generic scene related functionality...." alt="" coords="219,337,325,364">
<area shape="rect" href="$struct_math_1_1_vector3.html" title="Provides the functionality of a 3D vector." alt="" coords="220,185,324,212">
<area shape="rect" href="$class_spin_wait.html" title="A spin wait object class similar to a critcal section." alt="" coords="235,236,309,263">
<area shape="rect" href="$class_properties_1_1_property.html" title="Class for providing a method to transfer paramters between a system and the framework..." alt="" coords="204,287,340,313">
