<area shape="rect" href="$class_o_g_r_e_graphics_task.html" title="Implementation of the ISystemTask interface for OGRE graphics. See Interfaces\\System..." alt="" coords="71,277,209,304">
<area shape="rect" href="$class_i_system_scene.html" title="ISystemScene is an interface class for managing a scene or scenes in a system." alt="" coords="37,96,144,123">
<area shape="rect" href="$class_i_system_task.html" title="ISystemTask is an interface class designed to work with a task manager for starting..." alt="" coords="31,187,127,213">
<area shape="rect" href="$class_i_observer.html" title="The IObserver interface supplies loosely coupling systems with dependency. It facilitates..." alt="" coords="5,5,80,32">
<area shape="rect" href="$class_i_system.html" title="ISystem is an interface class designed to be a method for adding functionality to..." alt="" coords="104,5,173,32">
<area shape="rect" href="$class_properties_1_1_property.html" title="Class for providing a method to transfer paramters between a system and the framework..." alt="" coords="181,96,317,123">
