<area shape="rect" href="$class_i_observer.html" title="The IObserver interface supplies loosely coupling systems with dependency. It facilitates..." alt="" coords="5,83,80,109">
<area shape="rect" href="$class_u_scene.html" title="Implements a universal scene for holding all the scenes of the different systems..." alt="" coords="71,189,137,216">
<area shape="rect" href="$class_i_geometry_object.html" title="IGeometryObject is an interface for providing geometry related functionality. Any..." alt="" coords="332,189,452,216">
<area shape="rect" href="$class_i_graphics_object.html" title="IGraphicsObject is an interface for providing graphics related functionality. Any..." alt="" coords="476,189,591,216">
<area shape="rect" href="$class_i_change_manager.html" title="The IObserver interface supplies loosely coupling systems with dependency It facilitates..." alt="" coords="131,83,248,109">
<area shape="rect" href="$class_interface_1_1_i_observer.html" title="The IObserver interface supplies loosely coupling systems with dependency. It facilitates..." alt="" coords="124,5,255,32">
