<area shape="rect" href="$class_o_g_r_e_graphics_object_camera.html" title="Implementation of the IGraphicsObject interface. See Interfaces\\Graphics.h and Interfaces\\System..." alt="" coords="508,5,703,32">
<area shape="rect" href="$class_o_g_r_e_graphics_object_layer.html" title="This describes a layer of the paged geometry system. The paged geometry system can..." alt="" coords="515,56,696,83">
<area shape="rect" href="$class_o_g_r_e_graphics_object_light.html" title="A class to wrap Ogre light functionality." alt="" coords="517,107,693,133">
<area shape="rect" href="$class_o_g_r_e_graphics_object_mesh.html" title="A class that extends OGREGraphicsObject for mesh objects." alt="" coords="515,157,696,184">
<area shape="rect" href="$class_o_g_r_e_graphics_object_particles.html" title="A class that extends OGREGraphicsObject for particle system objects." alt="" coords="505,208,705,235">
<area shape="rect" href="$class_o_g_r_e_graphics_object_particle_system.html" title="OGREGraphicsObjectParticleSystemGraphics system object wrapping the Ogre ParticleFX..." alt="" coords="487,259,724,285">
<area shape="rect" href="$class_o_g_r_e_graphics_object_window.html" title="This is the base class for a GUI type window. It consists of a colored background..." alt="" coords="508,309,703,336">
<area shape="rect" href="$class_i_system_object.html" title="ISystemObject is an interface class designed to be an extension of the UObject. Systems..." alt="" coords="132,157,239,184">
<area shape="rect" href="$class_i_observer.html" title="The IObserver interface supplies loosely coupling systems with dependency. It facilitates..." alt="" coords="7,157,81,184">
<area shape="rect" href="$class_o_g_r_e_graphics_object_light_fire.html" title="A class that extends OGREGraphicsObjectLight to simulate a flicking light." alt="" coords="799,107,999,133">
<area shape="rect" href="$class_o_g_r_e_graphics_object_mesh_animated.html" title="A class that extends OGREGraphicsObjectMesh for meshes that animate." alt="" coords="781,157,1016,184">
<area shape="rect" href="$class_o_g_r_e_graphics_object_chart.html" title="This is a chart extension for the basic window. It creates a line graph that updates..." alt="" coords="809,259,988,285">
<area shape="rect" href="$class_o_g_r_e_graphics_object_stat_window.html" title="Stat window. Display interesting statistics about how the code is running." alt="" coords="789,309,1008,336">
<area shape="rect" href="$class_o_g_r_e_graphics_object_workload_window.html" title="Workload window. Show relative workloads in different systems." alt="" coords="773,360,1024,387">
<area shape="rect" href="$class_o_g_r_e_graphics_object_c_p_u_chart.html" title="CPU chart. Show chart of CPU loads." alt="" coords="1072,259,1280,285">
