<area shape="rect" href="$class_havok_object.html" title="HavokObject Implementation of the ISystemObject interface. This is the base object..." alt="" coords="769,160,863,187">
<area shape="rect" href="$class_i_system_object.html" title="ISystemObject is an interface class designed to be an extension of the UObject. Systems..." alt="" coords="472,21,579,48">
<area shape="rect" href="$class_i_observer.html" title="The IObserver interface supplies loosely coupling systems with dependency. It facilitates..." alt="" coords="7,5,81,32">
<area shape="rect" href="$class_i_system_scene.html" title="ISystemScene is an interface class for managing a scene or scenes in a system." alt="" coords="203,47,309,73">
<area shape="rect" href="$class_i_system.html" title="ISystem is an interface class designed to be a method for adding functionality to..." alt="" coords="9,65,79,92">
<area shape="rect" href="$class_i_geometry_object.html" title="IGeometryObject is an interface for providing geometry related functionality. Any..." alt="" coords="465,72,585,99">
<area shape="rect" href="$struct_math_1_1_quaternion.html" title="Provides the functionality for a quanternion." alt="" coords="465,179,585,205">
<area shape="rect" href="$struct_math_1_1_vector3.html" title="Provides the functionality of a 3D vector." alt="" coords="473,333,577,360">
<area shape="rect" href="$struct_i_contact_object_1_1_info.html" title="Structure for providing Contact information." alt="" coords="748,328,884,355">
<area shape="rect" href="$class_i_contact_object.html" title="IContactObject is an interface for providing contact related functionality. Any objects..." alt="" coords="763,379,869,405">
<area shape="rect" href="$class_i_intersection_object.html" title="IIntersectionObject is an interface for providing intersection related functionality..." alt="" coords="752,429,880,456">
<area shape="rect" href="$class_properties_1_1_property.html" title="Class for providing a method to transfer paramters between a system and the framework..." alt="" coords="748,488,884,515">
