<area shape="rect" href="$class_a_i_object.html" title="AIObject Implementation of the ISystemObject interface. This is the base object created..." alt="" coords="327,107,399,133">
<area shape="rect" href="$class_explosion_object.html" title="ExplosionObjectExplosion object created by the Explosion system." alt="" coords="305,183,420,209">
<area shape="rect" href="$class_f_m_o_d_object.html" title="FMODObject Implementation of the ISystemObject interface. This is the base object..." alt="" coords="315,259,411,285">
<area shape="rect" href="$class_geometry_object.html" title="Implementation of the IGeometryObject interface. See Interfaces\\Geometry.h and Interfaces\\System..." alt="" coords="305,309,420,336">
<area shape="rect" href="$class_havok_object.html" title="HavokObject Implementation of the ISystemObject interface. This is the base object..." alt="" coords="316,360,409,387">
<area shape="rect" href="$class_input_object.html" title="Implementation of the ISystemObject interface. See Interfaces\\System.h for a definition..." alt="" coords="319,411,407,437">
<area shape="rect" href="$class_o_g_r_e_graphics_object.html" title="Implementation of the IGraphicsObject interface. See Interfaces\\Graphics.h and Interfaces\\System..." alt="" coords="288,512,437,539">
<area shape="rect" href="$class_scripting_object.html" title="Implements a scripting ISystemObject and modifies geometry information." alt="" coords="308,563,417,589">
<area shape="rect" href="$class_water_object.html" title="WaterObject Implementation of the ISystemObject interface." alt="" coords="316,689,409,716">
<area shape="rect" href="$class_i_observer.html" title="The IObserver interface supplies loosely coupling systems with dependency. It facilitates..." alt="" coords="7,360,81,387">
<area shape="rect" href="$class_bot.html" title="Bot Implementation of the base bot AI. A bot is an AI that can have Goals." alt="" coords="585,56,625,83">
<area shape="rect" href="$class_cam_bot.html" title="CamBot Implementation of the CamBot AI; an AI that moves the camera along a given..." alt="" coords="572,107,639,133">
<area shape="rect" href="$class_animal.html" title="Animal Implementation of the base animal AI. This class implements functionality..." alt="" coords="868,56,929,83">
<area shape="rect" href="$class_chicken.html" title="Chicken Implementation of the chicken AI." alt="" coords="1143,5,1209,32">
<area shape="rect" href="$class_horse.html" title="Horse Implementation of the horse AI." alt="" coords="1148,56,1204,83">
<area shape="rect" href="$class_swallow.html" title="Swallow Implementation of the swallow AI." alt="" coords="1143,107,1209,133">
<area shape="rect" href="$class_explosion.html" title="Explosion Base class for explosion objects." alt="" coords="567,157,644,184">
<area shape="rect" href="$class_meteor_impact.html" title="MeteorImpact Instance of an Explosion object." alt="" coords="849,157,948,184">
<area shape="rect" href="$class_f_m_o_d_object_a_i.html" title="FMODObjectAI Implementation of AI sounds" alt="" coords="551,208,660,235">
<area shape="rect" href="$class_f_m_o_d_object_collision.html" title="FMODObjectCollision Implementation of collision sounds" alt="" coords="532,259,679,285">
<area shape="rect" href="$class_havok_character_object.html" title="HavokCharacterObject Implementation of the ISystemObject interface. This is the Character..." alt="" coords="531,309,680,336">
<area shape="rect" href="$class_havok_physics_object.html" title="HavokPhysicsObject Implementation of the ISystemObject interface. This is the Physics..." alt="" coords="535,360,676,387">
<area shape="rect" href="$class_o_g_r_e_graphics_object_camera.html" title="Implementation of the IGraphicsObject interface. See Interfaces\\Graphics.h and Interfaces\\System..." alt="" coords="508,411,703,437">
<area shape="rect" href="$class_o_g_r_e_graphics_object_layer.html" title="This describes a layer of the paged geometry system. The paged geometry system can..." alt="" coords="515,461,696,488">
<area shape="rect" href="$class_o_g_r_e_graphics_object_light.html" title="A class to wrap Ogre light functionality." alt="" coords="517,512,693,539">
<area shape="rect" href="$class_o_g_r_e_graphics_object_mesh.html" title="A class that extends OGREGraphicsObject for mesh objects." alt="" coords="515,563,696,589">
<area shape="rect" href="$class_o_g_r_e_graphics_object_particles.html" title="A class that extends OGREGraphicsObject for particle system objects." alt="" coords="505,613,705,640">
<area shape="rect" href="$class_o_g_r_e_graphics_object_particle_system.html" title="OGREGraphicsObjectParticleSystemGraphics system object wrapping the Ogre ParticleFX..." alt="" coords="487,664,724,691">
<area shape="rect" href="$class_o_g_r_e_graphics_object_window.html" title="This is the base class for a GUI type window. It consists of a colored background..." alt="" coords="508,715,703,741">
<area shape="rect" href="$class_o_g_r_e_graphics_object_light_fire.html" title="A class that extends OGREGraphicsObjectLight to simulate a flicking light." alt="" coords="799,512,999,539">
<area shape="rect" href="$class_o_g_r_e_graphics_object_mesh_animated.html" title="A class that extends OGREGraphicsObjectMesh for meshes that animate." alt="" coords="781,563,1016,589">
<area shape="rect" href="$class_o_g_r_e_graphics_object_chart.html" title="This is a chart extension for the basic window. It creates a line graph that updates..." alt="" coords="809,664,988,691">
<area shape="rect" href="$class_o_g_r_e_graphics_object_stat_window.html" title="Stat window. Display interesting statistics about how the code is running." alt="" coords="789,715,1008,741">
<area shape="rect" href="$class_o_g_r_e_graphics_object_workload_window.html" title="Workload window. Show relative workloads in different systems." alt="" coords="773,765,1024,792">
<area shape="rect" href="$class_o_g_r_e_graphics_object_c_p_u_chart.html" title="CPU chart. Show chart of CPU loads." alt="" coords="1072,664,1280,691">
<area shape="rect" href="$class_water_stream.html" title="WaterStream Base class for WaterStream objects." alt="" coords="556,765,655,792">
