<area shape="rect" href="$class_o_g_r_e_graphics_object_mesh.html" title="A class that extends OGREGraphicsObject for mesh objects." alt="" coords="364,424,545,451">
<area shape="rect" href="$class_o_g_r_e_graphics_object.html" title="Implementation of the IGraphicsObject interface. See Interfaces\\Graphics.h and Interfaces\\System..." alt="" coords="5,291,155,317">
<area shape="rect" href="$class_i_system_object.html" title="ISystemObject is an interface class designed to be an extension of the UObject. Systems..." alt="" coords="27,187,133,213">
<area shape="rect" href="$class_i_observer.html" title="The IObserver interface supplies loosely coupling systems with dependency. It facilitates..." alt="" coords="21,5,96,32">
<area shape="rect" href="$class_i_system_scene.html" title="ISystemScene is an interface class for managing a scene or scenes in a system." alt="" coords="96,96,203,123">
<area shape="rect" href="$class_i_system.html" title="ISystem is an interface class designed to be a method for adding functionality to..." alt="" coords="120,5,189,32">
<area shape="rect" href="$class_i_graphics_object.html" title="IGraphicsObject is an interface for providing graphics related functionality. Any..." alt="" coords="179,291,293,317">
<area shape="rect" href="$struct_math_1_1_quaternion.html" title="Provides the functionality for a quanternion." alt="" coords="317,291,437,317">
<area shape="rect" href="$struct_math_1_1_vector3.html" title="Provides the functionality of a 3D vector." alt="" coords="543,291,647,317">
<area shape="rect" href="$class_properties_1_1_property.html" title="Class for providing a method to transfer paramters between a system and the framework..." alt="" coords="727,291,863,317">
<area shape="rect" href="$class_ogre_1_1_movable_text.html" title="Provides mechanisms for drawing text to the screen." alt="" coords="887,291,1015,317">
