<area shape="rect" href="$class_o_g_r_e_graphics_object.html" title="Implementation of the IGraphicsObject interface. See Interfaces\\Graphics.h and Interfaces\\System..." alt="" coords="637,15,787,41">
<area shape="rect" href="$class_i_system_object.html" title="ISystemObject is an interface class designed to be an extension of the UObject. Systems..." alt="" coords="465,15,572,41">
<area shape="rect" href="$class_i_observer.html" title="The IObserver interface supplies loosely coupling systems with dependency. It facilitates..." alt="" coords="7,5,81,32">
<area shape="rect" href="$class_i_system_scene.html" title="ISystemScene is an interface class for managing a scene or scenes in a system." alt="" coords="203,47,309,73">
<area shape="rect" href="$class_i_system.html" title="ISystem is an interface class designed to be a method for adding functionality to..." alt="" coords="9,65,79,92">
<area shape="rect" href="$class_interface_1_1_i_geometry_object.html" title="IGeometryObject is an interface for providing geometry related functionality. Any..." alt="" coords="624,65,800,92">
<area shape="rect" href="$struct_math_1_1_quaternion.html" title="Provides the functionality for a quanternion." alt="" coords="652,172,772,199">
<area shape="rect" href="$struct_math_1_1_vector3.html" title="Provides the functionality of a 3D vector." alt="" coords="660,327,764,353">
<area shape="rect" href="$class_properties_1_1_property.html" title="Class for providing a method to transfer paramters between a system and the framework..." alt="" coords="644,377,780,404">
