<area shape="rect" href="$class_animal.html" title="Animal Implementation of the base animal AI. This class implements functionality..." alt="" coords="101,597,163,624">
<area shape="rect" href="$class_bot.html" title="Bot Implementation of the base bot AI. A bot is an AI that can have Goals." alt="" coords="241,507,281,533">
<area shape="rect" href="$class_goal.html" title="Goal Implementation of the base AI goal." alt="" coords="220,597,268,624">
<area shape="rect" href="$class_a_i_object.html" title="AIObject Implementation of the ISystemObject interface. This is the base object created..." alt="" coords="551,381,623,408">
<area shape="rect" href="$class_i_system_object.html" title="ISystemObject is an interface class designed to be an extension of the UObject. Systems..." alt="" coords="723,213,829,240">
<area shape="rect" href="$class_i_observer.html" title="The IObserver interface supplies loosely coupling systems with dependency. It facilitates..." alt="" coords="693,5,768,32">
<area shape="rect" href="$class_i_system_scene.html" title="ISystemScene is an interface class for managing a scene or scenes in a system." alt="" coords="768,96,875,123">
<area shape="rect" href="$class_i_system.html" title="ISystem is an interface class designed to be a method for adding functionality to..." alt="" coords="792,5,861,32">
<area shape="rect" href="$class_i_geometry_object.html" title="IGeometryObject is an interface for providing geometry related functionality. Any..." alt="" coords="853,213,973,240">
<area shape="rect" href="$class_i_behavior_object.html" title="IBehaviorObject is an interface for providing contact related functionality. Any..." alt="" coords="997,213,1109,240">
<area shape="rect" href="$class_a_i_state.html" title="AIState Used to track and trigger AI state changes." alt="" coords="409,213,473,240">
<area shape="rect" href="$struct_math_1_1_quaternion.html" title="Provides the functionality for a quanternion." alt="" coords="497,213,617,240">
<area shape="rect" href="$struct_math_1_1_vector3.html" title="Provides the functionality of a 3D vector." alt="" coords="137,213,241,240">
<area shape="rect" href="$class_interface_1_1_i_move_object.html" title="IMoveObject is an interface for providing Move related functionality. Any objects..." alt="" coords="169,381,319,408">
