<area shape="rect" href="$class_a_i_object.html" title="AIObject Implementation of the ISystemObject interface. This is the base object created..." alt="" coords="235,107,307,133">
<area shape="rect" href="$class_explosion_object.html" title="ExplosionObjectExplosion object created by the Explosion system." alt="" coords="213,157,328,184">
<area shape="rect" href="$class_geometry_object.html" title="Implementation of the IGeometryObject interface. See Interfaces\\Geometry.h and Interfaces\\System..." alt="" coords="213,208,328,235">
<area shape="rect" href="$class_havok_object.html" title="HavokObject Implementation of the ISystemObject interface. This is the base object..." alt="" coords="224,259,317,285">
<area shape="rect" href="$class_input_object.html" title="Implementation of the ISystemObject interface. See Interfaces\\System.h for a definition..." alt="" coords="227,309,315,336">
<area shape="rect" href="$class_o_g_r_e_graphics_object_camera.html" title="Implementation of the IGraphicsObject interface. See Interfaces\\Graphics.h and Interfaces\\System..." alt="" coords="173,360,368,387">
<area shape="rect" href="$class_scripting_object.html" title="Implements a scripting ISystemObject and modifies geometry information." alt="" coords="216,411,325,437">
<area shape="rect" href="$class_u_object.html" title="Implements a universal object that can be extended to add functionality. By default..." alt="" coords="237,461,304,488">
<area shape="rect" href="$class_water_object.html" title="WaterObject Implementation of the ISystemObject interface." alt="" coords="224,512,317,539">
<area shape="rect" href="$class_bot.html" title="Bot Implementation of the base bot AI. A bot is an AI that can have Goals." alt="" coords="472,56,512,83">
<area shape="rect" href="$class_cam_bot.html" title="CamBot Implementation of the CamBot AI; an AI that moves the camera along a given..." alt="" coords="459,107,525,133">
<area shape="rect" href="$class_animal.html" title="Animal Implementation of the base animal AI. This class implements functionality..." alt="" coords="636,56,697,83">
<area shape="rect" href="$class_chicken.html" title="Chicken Implementation of the chicken AI." alt="" coords="767,5,833,32">
<area shape="rect" href="$class_horse.html" title="Horse Implementation of the horse AI." alt="" coords="772,56,828,83">
<area shape="rect" href="$class_swallow.html" title="Swallow Implementation of the swallow AI." alt="" coords="767,107,833,133">
<area shape="rect" href="$class_explosion.html" title="Explosion Base class for explosion objects." alt="" coords="453,157,531,184">
<area shape="rect" href="$class_meteor_impact.html" title="MeteorImpact Instance of an Explosion object." alt="" coords="617,157,716,184">
<area shape="rect" href="$class_havok_character_object.html" title="HavokCharacterObject Implementation of the ISystemObject interface. This is the Character..." alt="" coords="417,233,567,260">
<area shape="rect" href="$class_havok_physics_object.html" title="HavokPhysicsObject Implementation of the ISystemObject interface. This is the Physics..." alt="" coords="421,284,563,311">
<area shape="rect" href="$class_water_stream.html" title="WaterStream Base class for WaterStream objects." alt="" coords="443,512,541,539">
