<area shape="rect" href="$class_f_m_o_d_object.html" title="FMODObject Implementation of the ISystemObject interface. This is the base object..." alt="" coords="447,347,543,373">
<area shape="rect" href="$class_i_system_object.html" title="ISystemObject is an interface class designed to be an extension of the UObject. Systems..." alt="" coords="5,213,112,240">
<area shape="rect" href="$class_i_observer.html" title="The IObserver interface supplies loosely coupling systems with dependency. It facilitates..." alt="" coords="43,5,117,32">
<area shape="rect" href="$class_i_system_scene.html" title="ISystemScene is an interface class for managing a scene or scenes in a system." alt="" coords="96,96,203,123">
<area shape="rect" href="$class_i_system.html" title="ISystem is an interface class designed to be a method for adding functionality to..." alt="" coords="184,5,253,32">
<area shape="rect" href="$class_f_m_o_d_system.html" title="FMODSystem Implementation of the ISystem interface for generic sound functionality..." alt="" coords="545,213,649,240">
<area shape="rect" href="$struct_math_1_1_quaternion.html" title="Provides the functionality for a quanternion." alt="" coords="136,213,256,240">
<area shape="rect" href="$struct_math_1_1_vector3.html" title="Provides the functionality of a 3D vector." alt="" coords="361,213,465,240">
<area shape="rect" href="$class_properties_1_1_property.html" title="Class for providing a method to transfer paramters between a system and the framework..." alt="" coords="629,96,765,123">
