<area shape="rect" href="$class_interface_1_1_i_system_object.html" title="ISystemObject is an interface class designed to be an extension of the UObject. Systems..." alt="" coords="584,21,747,48">
<area shape="rect" href="$class_interface_1_1_i_observer.html" title="The IObserver interface supplies loosely coupling systems with dependency. It facilitates..." alt="" coords="7,5,137,32">
<area shape="rect" href="$class_interface_1_1_i_system_scene.html" title="ISystemScene is an interface class for managing a scene or scenes in a system." alt="" coords="260,47,423,73">
<area shape="rect" href="$class_interface_1_1_i_system.html" title="ISystem is an interface class designed to be a method for adding functionality to..." alt="" coords="9,65,135,92">
<area shape="rect" href="$class_interface_1_1_i_graphics_object.html" title="IGraphicsObject is an interface for providing graphics related functionality. Any..." alt="" coords="580,72,751,99">
<area shape="rect" href="$class_interface_1_1_i_area_object.html" title="IAreaObject is an interface for providing Area related functionality. Any objects..." alt="" coords="592,123,739,149">
<area shape="rect" href="$struct_math_1_1_matrix4x4.html" title="Row major implementation of a 4x4 matrix." alt="" coords="608,213,723,240">
<area shape="rect" href="$struct_math_1_1_quaternion.html" title="Provides the functionality for a quanternion." alt="" coords="605,320,725,347">
<area shape="rect" href="$struct_math_1_1_vector3.html" title="Provides the functionality of a 3D vector." alt="" coords="613,475,717,501">
<area shape="rect" href="$class_properties_1_1_property.html" title="Class for providing a method to transfer paramters between a system and the framework..." alt="" coords="597,525,733,552">
