<area shape="rect" href="$class_explosion.html" title="Explosion Base class for explosion objects." alt="" coords="151,229,228,256">
<area shape="rect" href="$class_explosion_object.html" title="ExplosionObjectExplosion object created by the Explosion system." alt="" coords="69,155,184,181">
<area shape="rect" href="$class_i_system_object.html" title="ISystemObject is an interface class designed to be an extension of the UObject. Systems..." alt="" coords="5,80,112,107">
<area shape="rect" href="$class_i_observer.html" title="The IObserver interface supplies loosely coupling systems with dependency. It facilitates..." alt="" coords="21,5,96,32">
<area shape="rect" href="$class_i_geometry_object.html" title="IGeometryObject is an interface for providing geometry related functionality. Any..." alt="" coords="136,80,256,107">
<area shape="rect" href="$class_i_move_object.html" title="IMoveObject is an interface for providing Move related functionality. Any objects..." alt="" coords="208,155,299,181">
