<area shape="rect" href="$class_i_change_manager.html" title="The IObserver interface supplies loosely coupling systems with dependency It facilitates..." alt="" coords="216,5,333,32">
<area shape="rect" href="$class_interface_1_1_i_change_manager.html" title="The IObserver interface supplies loosely coupling systems with dependency It facilitates..." alt="" coords="187,56,363,83">
<area shape="rect" href="$class_interface_1_1_i_system_object.html" title="ISystemObject is an interface class designed to be an extension of the UObject. Systems..." alt="" coords="193,107,356,133">
<area shape="rect" href="$class_interface_1_1_i_system_scene.html" title="ISystemScene is an interface class for managing a scene or scenes in a system." alt="" coords="193,157,356,184">
<area shape="rect" href="$class_change_manager.html" title="Responsible for queuing up changes requests and then issuing them to the system for..." alt="" coords="412,5,527,32">
<area shape="rect" href="$class_fire_object.html" title="Implementation of the ISystemObject interface for the fire system. See Interfaces\\Graphics..." alt="" coords="429,107,509,133">
