<area shape="rect" href="$class_o_g_r_e_graphics_scene.html" title="Implementation of the ISystemScene interface. See Interfaces\\System.h for a definition..." alt="" coords="87,355,233,381">
<area shape="rect" href="$class_i_system_task.html" title="ISystemTask is an interface class designed to work with a task manager for starting..." alt="" coords="27,187,123,213">
<area shape="rect" href="$class_i_system_scene.html" title="ISystemScene is an interface class for managing a scene or scenes in a system." alt="" coords="84,96,191,123">
<area shape="rect" href="$class_i_observer.html" title="The IObserver interface supplies loosely coupling systems with dependency. It facilitates..." alt="" coords="52,5,127,32">
<area shape="rect" href="$class_i_system.html" title="ISystem is an interface class designed to be a method for adding functionality to..." alt="" coords="151,5,220,32">
<area shape="rect" href="$class_properties_1_1_property.html" title="Class for providing a method to transfer paramters between a system and the framework..." alt="" coords="239,264,375,291">
