<area shape="rect" href="$class_a_i_object.html" title="AIObject Implementation of the ISystemObject interface. This is the base object created..." alt="" coords="417,347,489,373">
<area shape="rect" href="$class_i_system_object.html" title="ISystemObject is an interface class designed to be an extension of the UObject. Systems..." alt="" coords="11,213,117,240">
<area shape="rect" href="$class_i_observer.html" title="The IObserver interface supplies loosely coupling systems with dependency. It facilitates..." alt="" coords="5,5,80,32">
<area shape="rect" href="$class_i_system_scene.html" title="ISystemScene is an interface class for managing a scene or scenes in a system." alt="" coords="80,96,187,123">
<area shape="rect" href="$class_i_system.html" title="ISystem is an interface class designed to be a method for adding functionality to..." alt="" coords="104,5,173,32">
<area shape="rect" href="$class_i_geometry_object.html" title="IGeometryObject is an interface for providing geometry related functionality. Any..." alt="" coords="141,213,261,240">
<area shape="rect" href="$class_i_behavior_object.html" title="IBehaviorObject is an interface for providing contact related functionality. Any..." alt="" coords="285,213,397,240">
<area shape="rect" href="$class_a_i_state.html" title="AIState Used to track and trigger AI state changes." alt="" coords="421,213,485,240">
<area shape="rect" href="$struct_math_1_1_quaternion.html" title="Provides the functionality for a quanternion." alt="" coords="509,213,629,240">
<area shape="rect" href="$struct_math_1_1_vector3.html" title="Provides the functionality of a 3D vector." alt="" coords="735,213,839,240">
<area shape="rect" href="$class_i_target_object.html" title="ITargetObject is an interface for providing target related functionality. Any objects..." alt="" coords="840,347,939,373">
