<area shape="rect" href="$class_input_task.html" title="InputTask Implementation of the ISystemTask interface for Input." alt="" coords="59,277,136,304">
<area shape="rect" href="$class_i_system_scene.html" title="ISystemScene is an interface class for managing a scene or scenes in a system." alt="" coords="5,96,112,123">
<area shape="rect" href="$class_i_system_task.html" title="ISystemTask is an interface class designed to work with a task manager for starting..." alt="" coords="5,187,101,213">
<area shape="rect" href="$class_i_observer.html" title="The IObserver interface supplies loosely coupling systems with dependency. It facilitates..." alt="" coords="17,5,92,32">
<area shape="rect" href="$class_i_system.html" title="ISystem is an interface class designed to be a method for adding functionality to..." alt="" coords="116,5,185,32">
<area shape="rect" href="$class_input_system.html" title="InputSystem Implementation of the ISystem interface for generic Input functionality..." alt="" coords="177,96,271,123">
<area shape="rect" href="$class_properties_1_1_property.html" title="Class for providing a method to transfer paramters between a system and the framework..." alt="" coords="209,5,345,32">
