<area shape="rect" href="$class_havok_physics_scene.html" title="HavokPhysicsScene Implementation of the ISystemScene interface. The HavokPhysics..." alt="" coords="219,408,357,435">
<area shape="rect" href="$class_i_system_task.html" title="ISystemTask is an interface class designed to work with a task manager for starting..." alt="" coords="23,187,119,213">
<area shape="rect" href="$class_i_system_scene.html" title="ISystemScene is an interface class for managing a scene or scenes in a system." alt="" coords="80,96,187,123">
<area shape="rect" href="$class_i_observer.html" title="The IObserver interface supplies loosely coupling systems with dependency. It facilitates..." alt="" coords="48,5,123,32">
<area shape="rect" href="$class_i_system.html" title="ISystem is an interface class designed to be a method for adding functionality to..." alt="" coords="147,5,216,32">
<area shape="rect" href="$class_i_generic_scene.html" title="IGenericScene is an interface for providing generic scene related functionality...." alt="" coords="235,291,341,317">
<area shape="rect" href="$struct_math_1_1_vector3.html" title="Provides the functionality of a 3D vector." alt="" coords="365,291,469,317">
<area shape="rect" href="$class_spin_wait.html" title="A spin wait object class similar to a critcal section." alt="" coords="549,291,624,317">
<area shape="rect" href="$class_properties_1_1_property.html" title="Class for providing a method to transfer paramters between a system and the framework..." alt="" coords="677,291,813,317">
