<area shape="rect" href="$class_i_system.html" title="ISystem is an interface class designed to be a method for adding functionality to..." alt="" coords="5,183,75,209">
<area shape="rect" href="$class_a_i_system.html" title="AISystem Implementation of the ISystem interface for generic AI functionality." alt="" coords="163,5,240,32">
<area shape="rect" href="$class_explosion_system.html" title="ExplosionSystem class: Implementation of the ISystem interface for generic Explosion..." alt="" coords="140,56,263,83">
<area shape="rect" href="$class_fire_system.html" title="Implementation of the ISystem interface for Procedural Fire. See Interfaces\\System..." alt="" coords="157,107,245,133">
<area shape="rect" href="$class_f_m_o_d_system.html" title="FMODSystem Implementation of the ISystem interface for generic sound functionality..." alt="" coords="149,157,253,184">
<area shape="rect" href="$class_havok_physics_system.html" title="HavokPhysicsSystem Implementation of the ISystem interface for generic HavokPhysics..." alt="" coords="128,208,275,235">
<area shape="rect" href="$class_input_system.html" title="InputSystem Implementation of the ISystem interface for generic Input functionality..." alt="" coords="155,259,248,285">
<area shape="rect" href="$class_o_g_r_e_graphics_system.html" title="Implementation of the ISystem interface for graphics. See Interfaces\\System.h for..." alt="" coords="124,309,279,336">
<area shape="rect" href="$class_scripting_system.html" title="Implements a scripting ISystem." alt="" coords="143,360,260,387">
