<area shape="rect" href="$class_i_system_task.html" title="ISystemTask is an interface class designed to work with a task manager for starting..." alt="" coords="7,157,103,184">
<area shape="rect" href="$class_a_i_task.html" title="AITask Implementation of the ISystemTask interface for AI." alt="" coords="192,5,253,32">
<area shape="rect" href="$class_explosion_task.html" title="ExplosionTask class: Implementation of the ISystemTask interface for OGRE graphics..." alt="" coords="169,56,276,83">
<area shape="rect" href="$class_fire_task.html" title="Implementation of the ISystemTask interface for the fire system. See Interfaces\\System..." alt="" coords="187,107,259,133">
<area shape="rect" href="$class_havok_physics_task.html" title="HavokPhysicsTask Implementation of the ISystemTask interface for HavokPhysics." alt="" coords="157,157,288,184">
<area shape="rect" href="$class_input_task.html" title="InputTask Implementation of the ISystemTask interface for Input." alt="" coords="184,208,261,235">
<area shape="rect" href="$class_o_g_r_e_graphics_task.html" title="Implementation of the ISystemTask interface for OGRE graphics. See Interfaces\\System..." alt="" coords="153,259,292,285">
<area shape="rect" href="$class_scripting_task.html" title="Implements a scripting ISystemTask." alt="" coords="173,309,272,336">
